pcg64_k32:
      -  result:      64-bit unsigned int
      -  period:      2^2176   (* 2^127 streams)
      -  size:        288 bytes

Round 1:
  64bit: 0x2dcbaf9339a0a8db 0xa5486595bb7ecc26 0x800934faba0d0759
	 0x7eff732dee5b72cb 0x44760d3bb06156f9 0x6f3622730aff6c44
  Again: 0x2dcbaf9339a0a8db 0xa5486595bb7ecc26 0x800934faba0d0759
	 0x7eff732dee5b72cb 0x44760d3bb06156f9 0x6f3622730aff6c44
  Coins: THTTHHHHHHTHTTHHTHTTTHTTTTTHTTHHHHHHHHHHHHTTHHHHTTHTHTTHTHTHTHHHH
  Rolls: 4 3 1 4 1 6 1 3 6 2 1 4 2 1 5 4 5 6 5 4 6 1 5 5 1 2 2 2 2 6 2 6 4
   -->   rolling dice used 33 random numbers
  Cards: 2s 2d 9s Jd 3c 4h Qs 5s 4c 2h 9c 6s Qd Kh Ac Ah 7h 8h 6c Ks 5c Tc
	 Qh 8d 8s Kd 4s Th 9h 3h Ts 7s Td 5d 2c 4d Kc Qc 3d As 6h 8c 6d 7c
	 Jh Ad 3s 5h 9d 7d Js Jc

Round 2:
  64bit: 0x08362f38c5184d06 0x2ba1b3164afc696d 0xf18e00ded413293e
	 0x14512048d47657aa 0x003ef118b96e494b 0xb6ba214a64598dc5
  Again: 0x08362f38c5184d06 0x2ba1b3164afc696d 0xf18e00ded413293e
	 0x14512048d47657aa 0x003ef118b96e494b 0xb6ba214a64598dc5
  Coins: TTHHHHTHTTHTTHTTTTHHHHHHTTTHTHHHHHTTTTTHTTTTHTHHHTHTHTTHTTTTTHHTT
  Rolls: 1 6 4 6 6 6 6 4 1 4 5 6 1 4 4 6 1 3 5 2 3 2 3 5 2 4 5 2 6 6 3 1 1
   -->   rolling dice used 33 random numbers
  Cards: Th Jd Tc 7d Qd 3d 2c Qs 8c 6d 2h 7s Jh 9d Td 6c Ac 8s 7c 8h 9s Jc
	 4d Kc 2s 7h 2d 5c 9c 9h Ad Kh 4c Qh 3h 3c 5d 3s 5s Qc 5h Ts 8d Js
	 Ah Ks As 4h Kd 4s 6h 6s

Round 3:
  64bit: 0xedfa63d9e74cb0d7 0xb9a431ed222e20e3 0xe0bc6a0b891ffa90
	 0x8e1c3e7e25a97e13 0x7065328d5502585a 0x30ea18f29c9dd917
  Again: 0xedfa63d9e74cb0d7 0xb9a431ed222e20e3 0xe0bc6a0b891ffa90
	 0x8e1c3e7e25a97e13 0x7065328d5502585a 0x30ea18f29c9dd917
  Coins: HTHHTTHHTTTHHHHTTHTTTHHTHTHHTHHHTTHTTTHHHHTHHTHTHHTHHTTHTHHHTTHHH
  Rolls: 5 6 2 6 2 1 2 1 5 4 6 4 6 1 4 5 6 6 4 5 3 6 1 6 4 4 3 3 3 5 6 6 6
   -->   rolling dice used 33 random numbers
  Cards: Th 8d Jh 2s Td 3h 2d Kc 3c 7d 6s Jc 5c Jd 8c Qd 6d As 4s 5d Kh 6h
	 Js 7h 8s 9h Ad Qs 2c 9s 4d 5h 8h 4c 6c 3d 9d 3s Ac Tc 5s Qh Qc 7c
	 2h 9c Kd 7s 4h Ah Ks Ts

Round 4:
  64bit: 0x778fbeeb1240be87 0x146e38cf2b84691c 0x51f4076de124d878
	 0x3aa6741428102d8b 0xfe712690a64ff70b 0xfdbb7799320fb4a3
  Again: 0x778fbeeb1240be87 0x146e38cf2b84691c 0x51f4076de124d878
	 0x3aa6741428102d8b 0xfe712690a64ff70b 0xfdbb7799320fb4a3
  Coins: THTTTHTTHHHTHHTTTTTHTTTHHTTHHHTTTTTHTHTHHTHTHHTTHTTTTHTHHTTHTTHHH
  Rolls: 6 1 6 6 1 2 2 1 3 3 1 5 6 3 3 2 6 1 3 2 3 4 6 6 6 2 3 4 6 1 3 5 1
   -->   rolling dice used 33 random numbers
  Cards: 7s Kd 3d Tc 9s Ah 6d 8d 3s Ad Kc 6s 9h Kh 4c Qs Ks Js Th 3h 5s 4h
	 Ts 5c 7d 4d 7c 9c 5d 8h 2s 2h 6h 6c 4s Jc Jd As Td Qd Qh 8s 2d Qc
	 7h 5h Ac 3c 8c 9d Jh 2c

Round 5:
  64bit: 0xc698f9ba129692a7 0x94646b27c1c8ca84 0x5ed4146e49289180
	 0x646e2e367a11b087 0xcf0ec8f5395d2d9f 0xb81f13d75e8265af
  Again: 0xc698f9ba129692a7 0x94646b27c1c8ca84 0x5ed4146e49289180
	 0x646e2e367a11b087 0xcf0ec8f5395d2d9f 0xb81f13d75e8265af
  Coins: THTHTTHHTHTTHHHHTHTTTTTHTHTHTHTTTTHHHTHTTTTHTHHTTHTHTTHHHTHTTTHTT
  Rolls: 6 2 1 3 2 3 3 5 1 1 4 5 2 2 4 2 5 6 1 3 2 4 4 1 2 4 5 4 5 2 3 6 1
   -->   rolling dice used 33 random numbers
  Cards: Ac 3d 8s 4c 5h 7c 4d 9c 7d Kc 4h Qc Td 8c Js 9s Tc Jd Qs 3h Jh 6d
	 2h Ks 5s Ts 7s 5d 2c 2d 2s 5c 7h As 3s Qh Kh 9d Th 9h 8h Jc Ah Qd
	 Kd 8d 6c 4s 3c 6s Ad 6h

