pcg32_k16384_fast:
      -  result:      32-bit unsigned int
      -  period:      2^524352
      -  size:        65544 bytes

Round 1:
  32bit: 0x3308e4a7 0x8e821ae6 0x0a95201f 0xbfc13f62 0x392ac135 0x9a9a3aab
  Again: 0x3308e4a7 0x8e821ae6 0x0a95201f 0xbfc13f62 0x392ac135 0x9a9a3aab
  Coins: HHHTHHTHTTTHHHHHTHHHTHTHTHTTTHTTTTHHHTHTHTHTHTTHTHHTTHHTHHTHHHHTH
  Rolls: 6 2 2 3 5 2 5 6 5 3 1 4 6 5 6 4 2 1 6 4 1 1 1 6 2 2 2 5 1 1 2 1 4
   -->   rolling dice used 33 random numbers
  Cards: 7h 4c 8s 7s 4d 2h 8c Th As 9s Qh Qc 4h 9d 6d Ad 6c 3s Kh 9h Js 5c
	 Tc Ks Ac 7c 3h 2d 5s Qd 3d 2c Qs 2s 6h 8h Jd 5h Kd Ts Kc Jh 4s 7d
	 Ah 9c Td 8d 5d 6s Jc 3c

Round 2:
  32bit: 0xdadd159c 0xbc2b894c 0xd0fe7abb 0xd3c99cc7 0xeec433b7 0xeb7f9d46
  Again: 0xdadd159c 0xbc2b894c 0xd0fe7abb 0xd3c99cc7 0xeec433b7 0xeb7f9d46
  Coins: THTTHTTHTTTTTHTTHTHHTTHTTHHTHTTTTTHHTTTHHTHTHHHHHTHHTHTTHHHTHTHHH
  Rolls: 3 6 3 5 5 6 2 5 1 5 6 6 2 6 3 6 6 2 6 3 5 1 2 6 5 1 5 3 3 2 2 5 3
   -->   rolling dice used 33 random numbers
  Cards: 2s 7s Qd Ah 4c Ad 8s 5d 5h 3s Ts Kc Js 5s 8c 9h 2d Kd 4h 9d Jh 3d
	 2c Tc Ac 3c 4s 5c 7h Qc Qh 6h As 8d 2h 6d 7c Kh 3h Jd Th 9s Jc 4d
	 Qs Td 7d 9c 6s 8h 6c Ks

Round 3:
  32bit: 0x1f019ace 0x4286124a 0x3f6959fc 0x6882a83f 0xd2c77978 0x721f00b2
  Again: 0x1f019ace 0x4286124a 0x3f6959fc 0x6882a83f 0xd2c77978 0x721f00b2
  Coins: HTHTHHTHTHHHTTTTTHHTTTHTTTHTTTHHTTHTHHHHTTHHHTTHHTHTHTTTHTHTTTHTH
  Rolls: 6 1 2 6 1 5 4 6 2 1 5 2 3 1 1 6 1 2 2 3 6 1 1 1 5 5 2 1 3 4 5 4 3
   -->   rolling dice used 33 random numbers
  Cards: 6s 4d 2d 7h 9c 4c 4h As Js 3d Ts 3s Jh 8h Qc Qd Ac 8s Jc Ks 3c 5c
	 5d Jd 7c 7s Ad 6c 6h Kd 9h Tc 2s 2h 5s 6d 7d 2c 8c Qh Kh 8d Td 5h
	 Qs Th Ah 4s 9s 9d Kc 3h

Round 4:
  32bit: 0xd607142f 0x2a130ecc 0xe1cdd7c8 0xbd5fd344 0xf003d169 0x0e7823df
  Again: 0xd607142f 0x2a130ecc 0xe1cdd7c8 0xbd5fd344 0xf003d169 0x0e7823df
  Coins: HTTHHHHTTHTHTHHTHHHHHTTTTHTHHHTHHHTHHHTTHTTHTHHTTTTTHHHHHHHTHHTHH
  Rolls: 1 4 3 2 4 3 2 5 1 4 4 4 3 1 4 3 3 2 5 3 1 2 5 6 4 3 5 1 2 1 6 1 6
   -->   rolling dice used 33 random numbers
  Cards: 8s 7c 7s Kh Ks 7h Tc 7d 9c Kc 3d 6c 4d 9d 5h 6s 3c 3s Ad Jd Qh Qd
	 4c Jh 6h Ah 8d 3h 5s 5c 4h Ts 4s 8c Td 2h Jc 2d 5d 2s 6d Th Ac 2c
	 9h 9s Qc Js Kd As Qs 8h

Round 5:
  32bit: 0x1511e2e9 0x51bde329 0x7a8b724b 0x60a82f6f 0x13bf7f80 0x97870401
  Again: 0x1511e2e9 0x51bde329 0x7a8b724b 0x60a82f6f 0x13bf7f80 0x97870401
  Coins: HTTTHHTTHHHTTHHTHTTTHTHHTTTHHTTHHHHHHTTTHHTHHHHHTHTHHTTHHTTHTHHTH
  Rolls: 5 3 4 4 5 6 4 6 6 4 4 4 5 5 6 2 4 2 6 4 5 3 2 6 1 5 3 2 4 3 5 2 3
   -->   rolling dice used 33 random numbers
  Cards: 8s As 2c Ad 7s Ac Kh Qh 5d 8c Jd Qc 8d 6h 5s 2h 2d 7c 7h Qs Jh 6c
	 Kd 3s Js 9d 4s 3c 8h 7d Qd Th 4c 3h 6s 9c Ah 5h 4d Kc Tc 9h Td 6d
	 3d 9s 4h 2s Ks Ts 5c Jc

