pcg128_oneseq_once_insecure:
      -  result:      128-bit unsigned int
      -  period:      2^128
      -  size:        16 bytes

Round 1:
 128bit: 0xf7d42ec98a2a818c287472e87ff5705a 0x1e69ebc79672e381bbd190b04ed0b545
	 0xefb0314dea875a49b6cee3580db14880 0xff56268e0e45f685bf5f7d7e4c3d1864
	 0x03f0bf312cd0282c734eedbe7e50bbc5 0xfcfdd5e15426494fa5b6b5f867691c77
  Again: 0xf7d42ec98a2a818c287472e87ff5705a 0x1e69ebc79672e381bbd190b04ed0b545
	 0xefb0314dea875a49b6cee3580db14880 0xff56268e0e45f685bf5f7d7e4c3d1864
	 0x03f0bf312cd0282c734eedbe7e50bbc5 0xfcfdd5e15426494fa5b6b5f867691c77
  Coins: HHTHHHTTHTHHTTTHHHTHHHTTTTTHHTHTTTTHHTHHTTTTTTHHTHTHTTTTTHTHHTTHT
  Rolls: 3 6 4 3 6 2 4 3 5 4 1 4 3 3 5 6 3 5 5 3 4 5 5 1 3 4 6 2 3 4 3 3 1
   -->   rolling dice used 33 random numbers
  Cards: 3s Jd Qd Ts 8s 4c Kh 4s Ac Ad 9c Ah 5d 7d 7h Jc Ks Qh 6h Th 6d 9d
	 6c 9h 7s 2d Qs Kc 3h Jh Qc 4h As 2h Tc Td 2c 8h Js 7c 5s 6s 5h 3c
	 2s 9s Kd 5c 3d 8c 8d 4d

Round 2:
 128bit: 0xf657b5d68ca3880a7d97ee72fb94fdf0 0xb6d7db0f93fbc13fb35f07d53cc42b66
	 0x3090b33f287f5fc90854c5caec0c251f 0x7bd6f8253f1bb54df37961a645554320
	 0xc080f66ee911f6861d1d213622351b24 0x42504eca45b1ed4c6edbb396c73fb49f
  Again: 0xf657b5d68ca3880a7d97ee72fb94fdf0 0xb6d7db0f93fbc13fb35f07d53cc42b66
	 0x3090b33f287f5fc90854c5caec0c251f 0x7bd6f8253f1bb54df37961a645554320
	 0xc080f66ee911f6861d1d213622351b24 0x42504eca45b1ed4c6edbb396c73fb49f
  Coins: HHTTHHHTHHHHHTTHHHTHHTHTHTTTHHTHHHHHHTHTTHHHHHTHTTHTHHHTHHTTHHHHH
  Rolls: 3 2 2 6 1 1 4 6 2 6 3 1 4 3 2 1 4 1 5 5 3 5 1 2 6 4 1 1 3 6 6 4 1
   -->   rolling dice used 33 random numbers
  Cards: 7h Qs 4d 2h Qh Jd 6d Tc 3d Ac 9h Js 8c 6h 5s 5d 2d Kc 6c 3h Qd As
	 Qc 2c 7c 4s Jh Td Ah Th 5h 4h 9d 4c Kh Kd 5c 3c Ad 9s 8d Ks 9c 2s
	 6s 7s Ts 8h Jc 7d 8s 3s

Round 3:
 128bit: 0x474a8b4dd63fff9a187ee00430cec695 0xd4f3e727b584915338efe3fb60c70613
	 0xc49d27028d4f01593949bd01ef38c552 0x60ef12216f0362b9d3f1543a45f3b48f
	 0x8eae641ccbbcb70dfb81a0482dc602cd 0xd15396a34394d7f6b48e4f661e4c7fc5
  Again: 0x474a8b4dd63fff9a187ee00430cec695 0xd4f3e727b584915338efe3fb60c70613
	 0xc49d27028d4f01593949bd01ef38c552 0x60ef12216f0362b9d3f1543a45f3b48f
	 0x8eae641ccbbcb70dfb81a0482dc602cd 0xd15396a34394d7f6b48e4f661e4c7fc5
  Coins: THTTTHHTHHHHHHTHTTTTHHTHTHTHHHTHTTTTTHHTHTTTTTHTTTTTHHTHHHTTTTHHT
  Rolls: 1 3 4 6 1 3 4 5 5 6 3 2 4 5 1 1 5 3 4 5 6 2 2 1 3 1 2 5 2 3 3 4 5
   -->   rolling dice used 33 random numbers
  Cards: Ac As 6s Ks Tc Qd Js 6c 8c 8d 4d Ad Jh Jc Qc 6d 7h 3c 5h 5d 4s Th
	 5c 7d Qs 3d Kd Kc Ah 9d 5s 2c 2h 2s Qh Jd 9c 9h 8h 7s 3h Ts 6h 4c
	 8s Kh 9s 7c 3s 4h 2d Td

Round 4:
 128bit: 0x2f507b073ac8d692d04c0a3a8cf6c571 0x36ea864decf51f82bc94812fe9ec2c93
	 0x6b484924a27f6dbd691f3e3aa2f42c77 0x954cc5481ed0a339b7188d5162d89a1e
	 0x71cf26b7d22eeeaa17fbf02e08fee28a 0x1c485acb575bc6b71aa17486e288664f
  Again: 0x2f507b073ac8d692d04c0a3a8cf6c571 0x36ea864decf51f82bc94812fe9ec2c93
	 0x6b484924a27f6dbd691f3e3aa2f42c77 0x954cc5481ed0a339b7188d5162d89a1e
	 0x71cf26b7d22eeeaa17fbf02e08fee28a 0x1c485acb575bc6b71aa17486e288664f
  Coins: THTHHHTTTHHHHHTTHHHHHTTHHTTHTHTTHHHHHTHTTHTTTTHTTTHTHHHHTTHHTTHTH
  Rolls: 3 4 3 2 6 3 1 6 6 5 3 1 1 5 2 2 1 3 1 3 3 6 4 4 4 5 2 2 6 4 6 4 3
   -->   rolling dice used 33 random numbers
  Cards: 4h Qd 7c Ks Jh Jd 3s 9d Js 5s 2h 3d Jc 3h Kh 8c 4d 6c 7s 2d Ac 6h
	 Qc 4s Ad 8s 6d 9s 7h Tc 9h Kd As Ah Ts 3c 2s Qh 8h 7d 5d 2c 5h 8d
	 Th Kc 5c 4c Td Qs 6s 9c

Round 5:
 128bit: 0x5429101b49650cc710bda17a1292d5aa 0xda89dc366ccf5b0bf0cd1384e25b3497
	 0x2e9e600e8203edde8e592be49a6a6181 0x554d49c17d5ce73a5edc4faf5cda5865
	 0x604de2e6fe77a156b2ecea43437a3f8c 0xaaf05073cb7cd14c98dbb99c3550f0e4
  Again: 0x5429101b49650cc710bda17a1292d5aa 0xda89dc366ccf5b0bf0cd1384e25b3497
	 0x2e9e600e8203edde8e592be49a6a6181 0x554d49c17d5ce73a5edc4faf5cda5865
	 0x604de2e6fe77a156b2ecea43437a3f8c 0xaaf05073cb7cd14c98dbb99c3550f0e4
  Coins: HTHTHHHHHHTHHTTHHHTTTTTTHTTTHHHTHHHHHHHHHTTTTHHTTTHTHHHHTTHHHHTTH
  Rolls: 1 5 6 6 5 4 2 4 4 3 5 6 6 1 4 1 5 5 2 3 5 4 1 5 1 2 5 6 3 4 1 6 2
   -->   rolling dice used 33 random numbers
  Cards: Th 3h 3s 8h 6h Kh 4c 4s Js 8c 2s 6c Qc 9c 9s Ks As Ad 5d 7h 5h 3c
	 8d Qs Ts 4d Jh Tc Ac 6s 2c Jc 3d 9d 5s 4h Ah 6d 7c 8s 7d Td Qh Kc
	 2d 9h 5c Qd Jd 2h Kd 7s

