pcg32_k64_fast:
      -  result:      32-bit unsigned int
      -  period:      2^2112
      -  size:        264 bytes

Round 1:
  32bit: 0x623d127c 0xfa4987c9 0x1a27eeee 0x603880d8 0xd94c8039 0x0f4aa323
  Again: 0x623d127c 0xfa4987c9 0x1a27eeee 0x603880d8 0xd94c8039 0x0f4aa323
  Coins: HTHTTTHHHHTHHHTTHHTHHTTTHTHHTHTHTTHHTTTTHTTHTHHHTTTHTTTTTTTHHHHHT
  Rolls: 3 2 2 5 4 5 5 2 6 2 2 1 3 5 4 5 4 4 2 6 2 3 3 5 5 1 3 3 6 1 5 2 5
   -->   rolling dice used 33 random numbers
  Cards: 5d 3s 9c Jd 6c 8d 2s 8h Qd 9d Kd 3h 7d 4c 7s Jc Js Th 5s 2d Ad 9h
	 Ts Ks Ah 8c 3d 9s Qh 3c 7c 5c 6h 2h As Kh Td 7h 4h Jh Qs Kc 2c 6d
	 8s Ac Tc 4s 5h 4d Qc 6s

Round 2:
  32bit: 0x8df2a75a 0x8d0158a9 0xafeb1142 0x79c26727 0x149f2c2c 0xfdb241eb
  Again: 0x8df2a75a 0x8d0158a9 0xafeb1142 0x79c26727 0x149f2c2c 0xfdb241eb
  Coins: HHHTTHTHTTTTHTHHHTTHTTHHTTTHHTTTTHHHHHTHTTHTTTTHHTHHTHHTHHTHHHHHT
  Rolls: 6 4 1 4 4 6 6 4 2 3 2 4 4 1 6 6 6 2 4 3 2 1 4 4 2 2 3 4 4 2 4 6 2
   -->   rolling dice used 33 random numbers
  Cards: 6h Ts Qd 8c Ks 9d 2d Kc 4h Qc Td 5s 3d 8s 2s 6c Ah Kd Ac 5c Ad 3h
	 2c 5d Jc Qh 8d 3s As 2h 7h 7c 9s 5h 4d Kh 9c 6d 7s Th Qs Js 3c 9h
	 8h Jd Jh 7d Tc 4c 6s 4s

Round 3:
  32bit: 0x4d5299d6 0x7993beb4 0xa9878cdf 0xb23d608f 0x442110c0 0x701b5b8c
  Again: 0x4d5299d6 0x7993beb4 0xa9878cdf 0xb23d608f 0x442110c0 0x701b5b8c
  Coins: TTTHTTTHTHHTTHHTHTTTHHTTTHTTHTTHTTHTHTTHHHTTTHHTHHTHHHTHTHTTHTHTH
  Rolls: 3 3 1 3 2 4 2 1 6 3 4 4 5 6 1 4 2 5 1 2 3 4 2 6 2 5 3 4 4 6 6 1 6
   -->   rolling dice used 33 random numbers
  Cards: Th Kc 3h Qc 3d 7s Ks 2h Qd 4d 6c Ts 3s Kh 9h Ac Ad 5d 2d 4s 7h Jc
	 5h 9d 9c 8h Js 7d Jd Kd 7c 3c Jh 5c 8d 9s 8c 8s Tc 6h 5s Td Qh Ah
	 4h 4c As 6d 2c Qs 2s 6s

Round 4:
  32bit: 0xb3686885 0xbfa94438 0x47b29921 0x2787b39e 0x685c3666 0x844a798f
  Again: 0xb3686885 0xbfa94438 0x47b29921 0x2787b39e 0x685c3666 0x844a798f
  Coins: THHHTTHTHHHHHTTHTHTTTTHHTHTHTHTTHTHHHHHTTHHHHTHTHHTTHHTHTTHHHTHTH
  Rolls: 3 6 6 6 2 6 5 2 1 4 4 4 3 6 6 2 2 5 6 3 3 2 1 1 4 3 3 4 2 2 4 1 1
   -->   rolling dice used 33 random numbers
  Cards: 9h 2s Tc As Th 7d Jh 3h Td 7h 9s 4c 5s 5h 6h Jd Ts 2d Qd Ad Js Ks
	 8c 9c 3s 9d 8d 7s 4s Qc 6c 3c Jc 5d Ac 2h 7c Qs 8h Kd 8s 4h Kc 6s
	 Kh Ah 2c 4d 6d Qh 3d 5c

Round 5:
  32bit: 0xcf9ef109 0xcdc3a236 0xa3107d4a 0x8481cc76 0x14cb0dc0 0xbeb351d3
  Again: 0xcf9ef109 0xcdc3a236 0xa3107d4a 0x8481cc76 0x14cb0dc0 0xbeb351d3
  Coins: TTTTTTTTHTHHTTHTHTHTTTHHTHTHTTHHTHHTHHHHHTTHTTTHTTTHHTTTTTTTHTHHT
  Rolls: 2 1 3 5 3 2 6 3 5 5 1 3 2 5 5 2 5 2 4 5 4 5 1 3 1 6 1 6 5 2 1 2 6
   -->   rolling dice used 33 random numbers
  Cards: 8s 6s 3d 2c 9c 4h 5d 9s 7s 8c Ah 8d Td 5c Js 8h Qd 9h 2s Jc 6h As
	 Qh 4s Qc Kh Ts Qs Th 5s Ad Tc 9d 3s 4d 7h Kc 3c 7c 2d Ac 6c 4c Ks
	 3h 6d Kd Jh 2h 5h 7d Jd

