pcg8_oneseq_once_insecure:
      -  result:      8-bit unsigned int
      -  period:      2^8
      -  size:        1 bytes

Round 1:
   8bit: 0x2e 0x44 0x2f 0x91 0x50 0x84 0xcb 0x60 0x4b 0xe5 0x5f 0x97 0x0f 0x58
  Again: 0x4b 0xe5 0x5f 0x97 0x0f 0x58 0x24 0xfd 0x9c 0x42 0x6c 0xd7 0x25 0xc2
  Coins: HHTHTTTHTHHTTTTHTTHHHHHTHHHTTTHHHTHHHTTTTTTHHHTTHTHTTTHHHHTHTHTHT
  Rolls: 5 5 6 6 4 1 2 4 5 6 6 3 1 3 5 5 3 5 5 2 3 5 4 1 2 1 2 5 5 3 1 4 5
   -->   rolling dice used 36 random numbers
  Cards: 6s Jc 9h Kc 4h 4c 4s As Ah 4d Ks Js 6d Qc 5h 9d 3c 5c 9c 6h 7h 3d
	 8s 5d 6c 2c Ad 9s Ts 2s 8c Kd Qs Kh 7s 2h 3h 8h Tc Th Td Qd Ac 2d
	 8d Qh 5s Jd 7c Jh 3s 7d

Round 2:
   8bit: 0x85 0x31 0x8f 0xae 0xda 0x7d 0x34 0x1a 0x61 0xff 0x78 0x7a 0x10 0x62
  Again: 0x61 0xff 0x78 0x7a 0x10 0x62 0x5d 0x6f 0x87 0x94 0xd0 0x6b 0xb7 0xc8
  Coins: THHHHHTTHHTHTTTHTHHHHHHTHHTTHTHTTHHHTTHHHHTTTHHHHTTHHHTTHTTHHTTHT
  Rolls: 4 2 6 2 4 5 1 2 1 1 1 6 2 3 4 4 3 6 1 1 3 4 3 6 6 3 3 5 3 6 3 3 2
   -->   rolling dice used 33 random numbers
  Cards: Ac 6d Ah 6c Kh 2s As 8c 5h 8s 9h Kc Th 2h 7d 8d 7c Qs 3h Js 3d 2c
	 7h 6s 5d Jd Jc 5c Ad Ts Qc 2d 7s 4h Qd Ks Kd 4d 4s 9c 6h 8h Tc Jh
	 Td 3c 3s Qh 9d 9s 4c 5s

Round 3:
   8bit: 0xaf 0xed 0xdc 0x01 0x83 0x17 0x02 0xce 0xa2 0xaa 0x5e 0xa0 0xd4 0xee
  Again: 0xa2 0xaa 0x5e 0xa0 0xd4 0xee 0x3a 0x2b 0x3e 0xf4 0x9f 0x3c 0x0d 0x7e
  Coins: HTTTTHTTHHTHTTTTTHTHHHTHTTTHHTHTHTTTHHTHTHTTHHTTHHTTHHHTHHTTHHHHT
  Rolls: 3 6 5 3 2 4 1 3 5 3 4 4 4 5 5 6 4 3 3 6 4 4 2 4 5 3 4 4 3 6 1 5 5
   -->   rolling dice used 33 random numbers
  Cards: Js 3d Ad 6c 7d 9d Jc Kc 9s 6s As Th 4c 2s Jh Ah 5d 3s 3h 9c Kh Ac
	 Jd 8d 8s 7s Td 2d 2h 2c 8c 3c 7c 4d Tc 5c 6h Ks 7h 4h Qs Qh 4s Ts
	 Kd 8h 9h Qc 5h 5s 6d Qd

Round 4:
   8bit: 0x0f 0x58 0x24 0xfd 0x9c 0x42 0x6c 0xd7 0x25 0xc2 0x2d 0xf3 0x08 0xbf
  Again: 0x25 0xc2 0x2d 0xf3 0x08 0xbf 0x48 0xc6 0xe0 0xe1 0x8c 0x29 0xb9 0x56
  Coins: TTTHTTHHHHHTHHHTTTHHHTHHHTTTTTTHHHTTHTHTTTHHHHTHTHTHTTTTHHHTHHTHH
  Rolls: 6 3 1 3 5 5 3 5 5 2 3 5 4 1 2 1 2 5 5 3 1 4 5 1 2 2 3 6 1 3 1 3 1
   -->   rolling dice used 34 random numbers
  Cards: 8s 7s 9h 3h 4c Ts 6h 6s Jd 8h Qc 4d Th 7d 2s 5s 3d Jh Ad As 8d 9s
	 2h Kh 9c 2d 6c Qs Kc Qd Qh 8c 4s Js 3s 7h 5h 5d 6d 9d 7c Jc 4h Td
	 Ah Ks Ac 5c 2c Tc Kd 3c

Round 5:
   8bit: 0x1a 0x61 0xff 0x78 0x7a 0x10 0x62 0x5d 0x6f 0x87 0x94 0xd0 0x6b 0xb7
  Again: 0x6f 0x87 0x94 0xd0 0x6b 0xb7 0xc8 0x2c 0xb3 0x75 0xc3 0xd3 0x39 0x76
  Coins: THHTHTTTHTHHHHHHTHHTTHTHTTHHHTTHHHHTTTHHHHTTHHHTTHTTHHTTHTHHHHHTT
  Rolls: 2 1 1 1 6 2 3 4 4 3 6 1 1 3 4 3 6 6 3 3 5 3 6 3 3 2 6 2 2 2 3 4 2
   -->   rolling dice used 33 random numbers
  Cards: 3s 9s Kc 7d 3c 5h 9d 6c 7c 8d Ah Kh Qs 7s 8h Th 8c 6s Tc 7h Jh 2s
	 5s Jc Qc 2d As 3d Js 6h 6d 3h Qh Ac Td 5d Jd Kd Ks 9h 2h Ts 2c 4s
	 5c Qd 9c 4c 4d Ad 4h 8s

