pcg32_k64:
      -  result:      32-bit unsigned int
      -  period:      2^2112   (* 2^63 streams)
      -  size:        272 bytes

Round 1:
  32bit: 0xe85244a0 0x7112822f 0x9325f975 0xf50dea01 0x8cec9bba 0xaa9fa4b3
  Again: 0xe85244a0 0x7112822f 0x9325f975 0xf50dea01 0x8cec9bba 0xaa9fa4b3
  Coins: HHTTTHTHTTHHHHHHTHTHTHTTHHTHTHHHHTTTHHHTTHTHHHHTHTTHTTTTTTTTHTTTT
  Rolls: 4 6 3 6 2 3 3 5 5 2 4 3 6 6 2 5 3 6 1 3 1 2 6 4 6 5 4 5 6 1 3 2 2
   -->   rolling dice used 33 random numbers
  Cards: Qs 2d 6s 8c 6d 4d 5d Ah Ks 3d 5s Qd 6h Td 5c 4h 2c 8h Ad 2s Js 7c
	 5h Qc Ac 7s 4s Jd Kc 9c 9s 2h Kh Ts Qh Jc 7h 8d Th Tc 3h As Jh 4c
	 8s 3c 9h 6c 3s 7d 9d Kd

Round 2:
  32bit: 0x98c55d02 0x0fd39f52 0x11b56e6c 0x54cbf14e 0x45bde3a6 0xa77ab20f
  Again: 0x98c55d02 0x0fd39f52 0x11b56e6c 0x54cbf14e 0x45bde3a6 0xa77ab20f
  Coins: THTHTHTHTTHHTHTHHTTTHTTHTTHTHTTHTTHTTTHHTHHTTTTHTHHTTTHHTTTTTTHHH
  Rolls: 5 2 1 3 5 5 3 5 4 2 4 1 2 1 1 6 6 6 6 1 1 2 1 4 5 1 1 1 6 4 1 2 6
   -->   rolling dice used 33 random numbers
  Cards: 9s 6s 7c 4h 4d 8d 8h Jc 3h Qh 5s 9c 3s Tc 8s As Kh Kc 2c 2s Ac 8c
	 5c 4c 6c 2h Jh 5d 9d Qs 7d Qc Th Ks Ts 3c Js 7s 6h 7h Kd 5h Qd 9h
	 3d Td Ad Ah 2d 4s 6d Jd

Round 3:
  32bit: 0xf2fe5c00 0xacc7f4f5 0xeac130c7 0x7a2ce2be 0xd39bf181 0xce784be4
  Again: 0xf2fe5c00 0xacc7f4f5 0xeac130c7 0x7a2ce2be 0xd39bf181 0xce784be4
  Coins: THTTHTHTTHTTHHTHTHHHTHTTHTHTHHTHHTHTHHTTTHHHHTHTHTTHHTHTHTHHTTTTH
  Rolls: 4 2 3 3 2 6 6 1 6 1 4 4 3 4 1 2 2 1 5 6 1 1 2 6 5 4 4 6 3 1 5 1 1
   -->   rolling dice used 33 random numbers
  Cards: 7c Jc 9s Ah 4h 3d 2d 5d 3s 7h Kh 6s 6h Ks 2c 9c 2s 8s Tc 7d 5h 3c
	 8h 4d Jh Td 4s 5s 2h Ac 9d 6c Js Ts Qd 8c 5c Ad 7s Kd Qc Jd Th 9h
	 Qh 6d 8d Kc Qs 3h As 4c

Round 4:
  32bit: 0x1ef66795 0x83d37b1c 0xfc6d9564 0x9806e724 0xe10fbb53 0xdc1d6eab
  Again: 0x1ef66795 0x83d37b1c 0xfc6d9564 0x9806e724 0xe10fbb53 0xdc1d6eab
  Coins: TTTTHHHHHTTTTHHTHTTTHHTHTHTHHTHTTHTHTHTHHHHHTHHTHTHTTTHHTTTTHHHTT
  Rolls: 4 2 2 4 6 6 5 2 4 1 1 6 6 3 3 5 3 3 2 3 3 6 6 5 2 6 6 1 5 6 2 6 4
   -->   rolling dice used 33 random numbers
  Cards: 2d 4s Qs 8h Jd 6d Jh 2s 7c 3s 5h Kd Js Td 3c 9s As Ts Ah Tc 8d 7h
	 5s 9h Th 7d 4c 8c Qc 5d 5c Qh Qd 8s Ac 6c 3d 2h 4h Kc Jc 9c 4d 6s
	 Ks 7s Kh 9d Ad 6h 2c 3h

Round 5:
  32bit: 0x24b9177f 0x83dde908 0xd2719639 0x43d1afbf 0x35db4e5a 0x5d9f5718
  Again: 0x24b9177f 0x83dde908 0xd2719639 0x43d1afbf 0x35db4e5a 0x5d9f5718
  Coins: HHHHTHHHTTHTTTHHTTTTTTHTTHTHHHTTTHTHHHTTTTHTHTTTTTHTHHHHHHHHTTHTT
  Rolls: 1 6 1 6 5 1 6 1 1 1 1 6 3 6 4 4 3 6 3 3 3 5 6 4 4 4 3 2 3 2 4 5 1
   -->   rolling dice used 33 random numbers
  Cards: 6c Th Kc Qd 7d 6s Ks 7h Tc 9c 5s 9h 8d 9d 7s 5d Kh Ad 6d Qc Td 9s
	 Js 5h 6h Qh 2s Ts 2h Jd 3c Ac Qs 8s 5c 2c As 2d 7c 4d 3s 8c Kd 4c
	 4s Jc Ah Jh 3h 4h 8h 3d

