pcg64_k1024_fast:
      -  result:      64-bit unsigned int
      -  period:      2^65664
      -  size:        8208 bytes

Round 1:
  64bit: 0x716e1291ecd614bf 0x6d9c60c68bfa5bac 0x6011e6dee28a425f
	 0x3a93df63ad5d8c2d 0x8c276f08b088c497 0x4d7204001d16777d
  Again: 0x716e1291ecd614bf 0x6d9c60c68bfa5bac 0x6011e6dee28a425f
	 0x3a93df63ad5d8c2d 0x8c276f08b088c497 0x4d7204001d16777d
  Coins: HHHHHHHHTTHTTTTTTHTTTTHHHHTTTHTHTHHTTTHTHTTHHHTTHHHTTTTHTHHHTHHHT
  Rolls: 6 3 1 2 2 3 3 2 5 6 1 5 2 1 1 3 1 4 5 2 4 5 3 4 2 2 5 5 3 1 2 6 4
   -->   rolling dice used 33 random numbers
  Cards: Ts 2h 3c 9d 3s 2c Th 3h 4c Qh Js Ad 7c 9c Td 8s 7h 4s 6c 6h Tc 7d
	 8d Jc Qs Ac Jd 5s 6d 4d Kc Kd Jh 8h Qd 2s 5d Kh 3d 4h 8c Qc 9h 6s
	 5c As Ah Ks 7s 5h 9s 2d

Round 2:
  64bit: 0xbd047092dbc12c12 0xb8023964c5590845 0x6a2acc287da9b782
	 0xf27a18fdeaca790a 0x5dd53aa3af4dd73e 0x407a59d050593064
  Again: 0xbd047092dbc12c12 0xb8023964c5590845 0x6a2acc287da9b782
	 0xf27a18fdeaca790a 0x5dd53aa3af4dd73e 0x407a59d050593064
  Coins: TTHTHTTTHHHTTHTTTHHTHHTTTHHTHHHHHTHTHTTHTTHHHTTTTTTTTTHTHTHTHTTTT
  Rolls: 6 2 6 6 4 4 4 4 4 1 3 6 1 2 5 4 4 6 2 5 3 5 5 6 6 2 3 5 3 6 2 4 5
   -->   rolling dice used 33 random numbers
  Cards: 4c 4d 9c 6d Qs 3d 5c Tc 9d Ts 2h Th Qh Jh 6h 8s 2s Ac 3h 7s 4s 5h
	 9h Js Jc 2c 4h Kd Ah 5d 8c As 5s Kc Qd 7c Ks Ad Qc 8h 6c 7d Jd 8d
	 2d 3c 7h Kh 6s 3s Td 9s

Round 3:
  64bit: 0xb9f6e508611fa39b 0x50ff50a7fda1c6ff 0xc9fc4c468fc0e452
	 0x13992edc8b596e39 0x6e621625efd5f7df 0xe0ec108a27c75fae
  Again: 0xb9f6e508611fa39b 0x50ff50a7fda1c6ff 0xc9fc4c468fc0e452
	 0x13992edc8b596e39 0x6e621625efd5f7df 0xe0ec108a27c75fae
  Coins: HTHTTTHTHTHTTHTTHHTTHTHHHHTTTHHHTHHHHTHHHTHHTTHTTHTHHTHTTHHHTHTHT
  Rolls: 4 5 2 2 5 6 4 5 6 3 6 5 6 6 4 5 1 5 5 1 4 4 6 6 2 2 3 5 1 4 3 3 4
   -->   rolling dice used 33 random numbers
  Cards: 3d 5h 2d 7s Ts Tc 3s Kd 8c 6c 4s Js 9s Jd 4d Qc 2s As 6d Jc Qs Ad
	 8h Kc Td 7h 7c 4h 6h 2h 5c 9d 4c 2c Qh Jh Ks 3c 9h 8d Ah Ac Qd Th
	 7d 3h 8s 5s 9c 6s Kh 5d

Round 4:
  64bit: 0xb5cb75ddd90a0f9e 0x4cf347f82cce20c6 0x6243c21a2332efc2
	 0x43f3e96d96ce7569 0xea93a4709c0f83f8 0x88c99d75a1dec4a9
  Again: 0xb5cb75ddd90a0f9e 0x4cf347f82cce20c6 0x6243c21a2332efc2
	 0x43f3e96d96ce7569 0xea93a4709c0f83f8 0x88c99d75a1dec4a9
  Coins: HTTHTHHHTTTHTTTTHHTHTHHTTTHHHTHHHHTTTTHHHTHHTHTHHTTTTTHHTHHTTHTHT
  Rolls: 5 3 1 3 6 3 5 3 3 5 6 1 5 5 3 1 2 1 4 5 2 3 5 4 3 6 1 6 4 3 5 3 1
   -->   rolling dice used 33 random numbers
  Cards: 7d 6c 4d 8s Td Kd Qh 9h 9c 5d 7s Tc Qs Ks 9s 6d As Jc 8h Qd 4s 4c
	 Kc 7h 7c Jd 4h 2c 8c 2d 5s 2s 3d Jh Kh 6h 2h Ts Ac Js 9d Ad 8d Qc
	 Th 3c 6s 3s 5c Ah 3h 5h

Round 5:
  64bit: 0xa9cba0879f523763 0x9d063cc605508ab9 0xaa9dd9f6f8792bdc
	 0xa3005a22d15b695b 0x66f3b5676edeceea 0x8e315e033cded525
  Again: 0xa9cba0879f523763 0x9d063cc605508ab9 0xaa9dd9f6f8792bdc
	 0xa3005a22d15b695b 0x66f3b5676edeceea 0x8e315e033cded525
  Coins: THTTHTHHHHTTHTTHHHHHHHTTHTHTHTTTTHHHTHHHTTHTTHTTHHHTHHHHTHTTTTTHT
  Rolls: 4 4 1 4 6 2 3 1 6 5 5 2 2 6 3 1 6 2 3 2 2 1 6 1 4 1 1 5 2 6 4 5 2
   -->   rolling dice used 33 random numbers
  Cards: Th 2c 2s Td 4s Tc Jh Js 6h 2h Ac Qs 9h Kd 9s Qh 6d 6s Ad 2d 9c 3h
	 7h 8s Qc 5d 3d 5h Ah Jd 3s As 9d 5c 6c Ks 7c Jc Qd 4c 5s 8c 3c Ts
	 Kc 8h 7s 4h Kh 7d 4d 8d

