pcg32_oneseq_once_insecure:
      -  result:      32-bit unsigned int
      -  period:      2^32
      -  size:        4 bytes

Round 1:
  32bit: 0x256b5357 0xa5efad32 0x170b7830 0x334a5b22 0x3de5c680 0x9b47b7b3
  Again: 0x256b5357 0xa5efad32 0x170b7830 0x334a5b22 0x3de5c680 0x9b47b7b3
  Coins: HTHTHTHHHTTHTTTTTTHHTTTHHTTTHHTTHHTHTTHHTHHTTTTTHTTTHHHHHHHHTTTTT
  Rolls: 5 5 5 1 5 6 5 1 3 4 5 3 4 5 4 5 2 5 6 4 5 4 4 5 5 6 4 3 6 3 5 4 5
   -->   rolling dice used 33 random numbers
  Cards: 3c 5c Kc 6s Qh 7s Jh 4d 3s 5d 9h Th Qs 7h 4c 7c Qd 2d 3h 5h 2h 6c
	 6d Js Jd 9d 8s 9s 9c Qc Kh 8d 8c 2s Tc 4s Ac 2c Jc Ks As Ah 6h Ad
	 Ts 7d 3d 8h 5s Kd 4h Td

Round 2:
  32bit: 0xd3ea68f3 0x004a141a 0x08de95da 0xe6f4f6ad 0x1023b258 0x0fdabaa1
  Again: 0xd3ea68f3 0x004a141a 0x08de95da 0xe6f4f6ad 0x1023b258 0x0fdabaa1
  Coins: HTHHTTHHHTTHTTTHTTTHHTHHHHHHHHTHTTHHHHTTTHTTHHHHTTTHHTTHHTTTHHTTH
  Rolls: 2 3 6 1 6 4 2 2 3 1 6 4 3 6 1 2 4 6 4 5 2 2 2 5 1 3 6 2 3 2 2 5 3
   -->   rolling dice used 33 random numbers
  Cards: 6c Kc 5d Ac Tc 3c 7h Qh 7c 2c Kd 8c 2h Qs Qc 2s 6s Ts Jc 4h Ah 5c
	 Qd 8d 4d Th 3d 7s 5s Jd 4c 9h 8h 6d 9c 9s 3s Td Js Kh 9d As 6h 3h
	 2d Ks 4s 7d Jh Ad 5h 8s

Round 3:
  32bit: 0x6a106195 0xe06d41b2 0xbfd78624 0xe0ef944f 0x57571028 0x10aae72d
  Again: 0x6a106195 0xe06d41b2 0xbfd78624 0xe0ef944f 0x57571028 0x10aae72d
  Coins: HHTTHHTHTTTHHTHTHTHHHTTHHHTTHTTHTTHTTHTTHHTTTHHHTHTHTHHHHTHHTHTHH
  Rolls: 4 6 1 3 1 6 6 1 4 5 1 5 5 6 2 4 6 5 2 5 4 6 4 3 5 2 3 6 6 3 1 2 5
   -->   rolling dice used 33 random numbers
  Cards: 4d Jc 6d 2s 8c 7d Th 6h 5s 3c 3d Qd Ad 4h 2c 7s Tc 4s 3s Td 6s 9c
	 2d 7c 8d 8h Jh Ts 4c 2h 5c 5h Ac 8s Qs Kh Kc 6c Qc 9h 9s 5d Kd Js
	 Qh 3h 7h Ah As Jd 9d Ks

Round 4:
  32bit: 0xdde49a52 0x79306ca7 0x2bb1673c 0xfde1d6ff 0x0b261fe8 0xe866fced
  Again: 0xdde49a52 0x79306ca7 0x2bb1673c 0xfde1d6ff 0x0b261fe8 0xe866fced
  Coins: HHHHTTTTTTTTHTHTHHTTTHHTHTHHHHHTTTTTTTHTTHTTHTTHHHHHHTHTHTHTHHTTT
  Rolls: 4 1 4 1 2 6 5 5 5 5 1 3 6 4 5 4 6 1 1 5 5 3 6 1 4 1 6 5 1 4 6 3 2
   -->   rolling dice used 33 random numbers
  Cards: Td 7d 3h 2c 5s 6d Ac 8s Kc 5c 4s Qd 2s Kd As 6c 2d Kh 9c 3d 5d 3s
	 Jd 8c 7s 4d 4h Qc 5h Js 7c 9s Ts Qh Ks 6s Th 8d 3c Tc 8h 9h Ad Jh
	 Jc 9d 7h 2h Ah 6h 4c Qs

Round 5:
  32bit: 0x4253371d 0xcc6b3679 0xb8d7cd7d 0x9e7e0310 0xb1ee5e37 0x6cbff1d2
  Again: 0x4253371d 0xcc6b3679 0xb8d7cd7d 0x9e7e0310 0xb1ee5e37 0x6cbff1d2
  Coins: HHHTHHHTTHTTHTHHTHHTTHTTTHHTHHTTHHHTHHTTHTHHTTTTHTTHHHTTHHTHTTHTH
  Rolls: 2 2 3 2 1 4 4 1 2 4 6 3 2 5 5 4 1 2 2 2 3 3 2 2 6 4 6 4 5 4 2 4 5
   -->   rolling dice used 33 random numbers
  Cards: Kh 4d 8d 5h 4c 8s 3s Qc Js Td Jc 6c 5d 8h 9s 3h Kc Ac Tc 8c 6s 7h
	 Jd 7c Ad Qd Jh 9d As 2c 6d 4h Kd 4s Qs 7s Qh 9h 3d 6h Ts Ks 7d 5c
	 5s 9c 3c 2s 2h 2d Th Ah

