pcg32_fast:
      -  result:      32-bit unsigned int
      -  period:      2^62
      -  size:        8 bytes

Round 1:
  32bit: 0x00000000 0x5c400ccc 0x03a8459e 0x9bdb59c5 0xf1c9dcf5 0xaac0af3b
  Again: 0x00000000 0x5c400ccc 0x03a8459e 0x9bdb59c5 0xf1c9dcf5 0xaac0af3b
  Coins: HTHHTHHTTHTHHHTTTTTHHTTTTHTHTHTTHTTHHHHTHHTTTHHTTTTHTTTTHHHTHTHHT
  Rolls: 1 3 1 4 3 1 4 3 5 1 5 1 6 3 4 6 2 3 3 5 5 2 5 6 5 3 2 4 2 3 1 1 3
   -->   rolling dice used 33 random numbers
  Cards: 2s 8d 7s 9h Ad Qc Jh 5s 3d 3s 7c Qs Kh Ts 3h Ac 5c 9d 6s 4c 8h 2d
	 Kc 6c 9c 8c 6d 5d As 2h 7h Th Td Js Jd 3c 5h 7d Ah Qd 4d 2c Ks 4s
	 9s Jc 6h 8s 4h Kd Tc Qh

Round 2:
  32bit: 0x9d4c8720 0x888c050e 0x20a18d88 0x9af6f5ac 0xe9e08d16 0x30dc8422
  Again: 0x9d4c8720 0x888c050e 0x20a18d88 0x9af6f5ac 0xe9e08d16 0x30dc8422
  Coins: HTHHHTTTHHHTTHHTTTTTHHHHHHHHHTTHHHHHHTTHHTTTHHTTTHHHTTTHHTHHTHTHH
  Rolls: 1 6 5 2 2 4 3 6 3 6 4 2 4 3 4 6 6 3 4 4 5 6 4 4 5 4 6 2 1 2 6 2 3
   -->   rolling dice used 33 random numbers
  Cards: 8c 3c 5h 2d 4s 7d 4h 5c Kh 5s 3s Kd 9h 6h Th 7h 8d 8h Qs Ks Tc Qh
	 Qd Ac 9d Jd Td 6d Ts 8s Js Jh 6c 7c 6s 2c Kc 2h 4d 9c 3h Ah Qc 4c
	 5d 7s Jc 9s As 2s Ad 3d

Round 3:
  32bit: 0xd9561348 0xc5f085ff 0x55b15d21 0xb00d4c13 0x1ad51817 0xb1687c92
  Again: 0xd9561348 0xc5f085ff 0x55b15d21 0xb00d4c13 0x1ad51817 0xb1687c92
  Coins: THTHHHTTTHTHHTHTHTTTTHHTTTTHHHTHTTTTTHHTHTHHHHHTTTHTTTTHTTHTTHTHT
  Rolls: 5 3 4 1 4 1 5 5 3 1 2 5 4 1 1 6 2 2 1 2 2 2 4 6 3 6 2 4 6 5 2 5 1
   -->   rolling dice used 33 random numbers
  Cards: 7d 5h As 8c Qh 6d Ts Qd Ah 6c 7c 9c 8d 9h 4s 4c 3d 4d Ad Ks Td 3s
	 3c Kd 8h Kc Jd Kh Th Qs Jh 8s 2c 7s Jc 2h 6h 9d 2d 9s Ac 2s Qc 5s
	 Js 5d Tc 5c 4h 3h 6s 7h

Round 4:
  32bit: 0xb00d4873 0x97e247d1 0x3aed3e74 0xa6f02f6a 0x007428ae 0x88fb2312
  Again: 0xb00d4873 0x97e247d1 0x3aed3e74 0xa6f02f6a 0x007428ae 0x88fb2312
  Coins: HTTHTHTTTHHTHHTTHHTTHTHHTTTHTHTHHHTHTHTTTHHHHTHHTHHHHTTHHHHTHHHHT
  Rolls: 2 5 2 5 3 4 5 6 4 3 3 3 2 2 2 3 3 3 2 6 1 2 1 3 5 4 6 6 6 3 4 5 1
   -->   rolling dice used 33 random numbers
  Cards: 4s Qc 2s 4h Kh 6d Ts 9s 2c Ks 5h Jc 2h Ac Qs Jd 8d 2d 7s 3c 8c 6c
	 Kd Kc 7h 4c 9h 3h 5s Ah 8h 7c Td 3d 6h 5d Tc Qh 3s 4d 9c Ad Qd 9d
	 8s Jh 7d 5c As Js Th 6s

Round 5:
  32bit: 0x9b08b727 0x4b6859af 0x06de6f08 0x628f4193 0x39397e2d 0x9e8304d1
  Again: 0x9b08b727 0x4b6859af 0x06de6f08 0x628f4193 0x39397e2d 0x9e8304d1
  Coins: THTHHTTTTHTTHHHTHTHTHTHHTTTHHHHTHHHTTTHHTHTHHTHTHTTTTTHHHHHHTTTHT
  Rolls: 6 1 4 1 3 4 5 6 5 1 2 6 3 3 6 4 6 5 2 1 3 6 3 3 1 5 5 3 6 2 2 2 2
   -->   rolling dice used 33 random numbers
  Cards: 4c 2h Qh 6d 6h 8h 5s Qd 6c 7d Ac 5h 8s Ad 4d 9s 2c Tc Js 3d Th Ah
	 Jd 5d 3h 4s Ts Kc 6s 8d 8c 2d Kh 7h 9c Qc 3c Td As 7c Kd 2s 9d Ks
	 Jh Jc 5c 4h 3s Qs 9h 7s

