pcg32_k64_oneseq:
      -  result:      32-bit unsigned int
      -  period:      2^2110
      -  size:        264 bytes

Round 1:
  32bit: 0x8bfad379 0x21d323ad 0xd58574f9 0x282d3aa0 0x33b49afc 0x5821fdb2
  Again: 0x8bfad379 0x21d323ad 0xd58574f9 0x282d3aa0 0x33b49afc 0x5821fdb2
  Coins: TTHHTTHHTTTHTTTHTTHHTHHHHTTTTTTTHTHTHTHTHTTHHTHHTTHHTTHHHTTHHHTTH
  Rolls: 1 6 3 2 1 3 4 4 4 2 3 2 4 3 2 3 3 1 2 2 4 5 4 6 1 4 1 4 4 3 3 2 2
   -->   rolling dice used 33 random numbers
  Cards: 8s 5s 2d Qh Ad Kd 4c 3c 4d Ac Jd Js Kh 2h Qc Th Kc 6h 5d 3h Ah Td
	 7h 8c 9s 7s 9h Ks 4s 3d 2s 7c 7d 3s 5c 2c 6s 8d Jc 6d 9d Ts 5h Tc
	 6c Jh Qd 9c 4h 8h As Qs

Round 2:
  32bit: 0x97d54bf1 0xb85353db 0xc986820d 0x44c61d24 0x8263654e 0xcafc64df
  Again: 0x97d54bf1 0xb85353db 0xc986820d 0x44c61d24 0x8263654e 0xcafc64df
  Coins: TTHHHHHTTHTHHHHTTTHHHTHTTHTHTTHTHHTTHTHHTHHHTHTHHTTHTHTHHTHTTHHTH
  Rolls: 6 5 3 2 1 3 5 4 3 2 4 2 6 5 2 1 4 6 4 4 3 6 2 6 3 1 2 5 1 4 1 6 1
   -->   rolling dice used 33 random numbers
  Cards: Kc 9c Td 7d 4h 8s 8d 2h Ad Qh 4c 3s 6s Jh 8h Qs 7c 7h Th 9d 3c Js
	 2s 4d Kd 2c Tc As 4s 5d Ah 9s 5h 7s 9h Jd Ac 3h 2d Jc Ks Kh Qc Ts
	 3d 5c 6c 6d 5s 8c 6h Qd

Round 3:
  32bit: 0x2c1b99e5 0xf187ff1f 0xd1079e86 0x74c45a92 0x4d0b42be 0x652cd137
  Again: 0x2c1b99e5 0xf187ff1f 0xd1079e86 0x74c45a92 0x4d0b42be 0x652cd137
  Coins: HTHHTHTHTHTHTHHTTHHHHHHHTHHHHTHHTTHHTTTTHTTTHHTHTTHTTTTHHHHTHTHHH
  Rolls: 5 4 5 2 2 4 1 4 6 6 2 4 2 4 3 5 6 1 4 6 5 1 6 4 2 5 3 3 4 3 4 1 4
   -->   rolling dice used 33 random numbers
  Cards: 8s 8h 7s As Ac Qh 5h 3d Jd Ks 5s 4c Qc Td 4s 4h 3h Kd 2d 9d Tc 9c
	 8c 2s 6c Kc 7d 4d 9s Qs 6d 2h 8d 7h Ts Jh 7c 3c 5c Ad Ah 9h 6s Kh
	 Qd Th Js Jc 5d 3s 2c 6h

Round 4:
  32bit: 0x0166955b 0x98c26e63 0xa2eb39be 0x8e7a0f18 0xa1ee6dc4 0xa28d8093
  Again: 0x0166955b 0x98c26e63 0xa2eb39be 0x8e7a0f18 0xa1ee6dc4 0xa28d8093
  Coins: TTHHTTTTHHHHHHTHTHTTTTHTHTHTTTTHHHTTTTHTTHHTHHHTTTHHTTHTTHHHHHHHH
  Rolls: 5 4 1 1 3 3 3 2 3 2 1 2 1 2 5 6 6 4 6 5 5 3 6 6 4 2 2 6 1 1 4 1 1
   -->   rolling dice used 33 random numbers
  Cards: 8h Qc 7c 2d 2s 2c 8c 4d 7h Js 9c Td 5h 4c 7d 6c Ad Qh Kh 2h 8d Th
	 9d 6h 3s 6s 5c 5s 4s 3d Jc 3h 3c Jd 9h 9s Kc Kd Ks 4h Ah 8s Ts Tc
	 Qs 6d Ac 5d Jh As 7s Qd

Round 5:
  32bit: 0xc0f40efc 0x77437fab 0x80c937c8 0xc6ae4e8b 0xa9809bbb 0xe6523fd7
  Again: 0xc0f40efc 0x77437fab 0x80c937c8 0xc6ae4e8b 0xa9809bbb 0xe6523fd7
  Coins: HHHTTTHHTTTHHHHTTTTTHTTHTHHTHHHHHHTTTHTHTHHTTHTTHTTHHHHTTHHHTHHTH
  Rolls: 4 1 5 1 1 3 2 6 1 3 3 3 1 4 2 1 2 5 4 2 1 5 6 5 2 5 3 3 3 3 6 2 3
   -->   rolling dice used 33 random numbers
  Cards: 4d 9c 9s 8s Jc 7d 3c Ac 3d 5h 5c Js 2c Qs Th 4s 7h 2s 8c 4h Qd Tc
	 Ah 9h 3h Qh Jh 6s Jd 3s 8h Ts Kh Kd 4c 7s 2h 6c Qc 6d 8d Kc Ks Td
	 Ad As 5s 7c 6h 9d 5d 2d

