pcg128_once_insecure:
      -  result:      128-bit unsigned int
      -  period:      2^128   (* 2^127 streams)
      -  size:        32 bytes

Round 1:
 128bit: 0x5f4ea96e8510af0686b1da1d72062b68 0x341b1cb1e675ec461304aa46c9853d39
	 0xcfdc46c17f1c9974a3670e9e0dd50358 0x02d273b87fe9110cf9090e529a7dae00
	 0x9b4e47fda576f0ddc85b9fd837996f2c 0x17cee59c8cb9c0a1606121f8e3919196
  Again: 0x5f4ea96e8510af0686b1da1d72062b68 0x341b1cb1e675ec461304aa46c9853d39
	 0xcfdc46c17f1c9974a3670e9e0dd50358 0x02d273b87fe9110cf9090e529a7dae00
	 0x9b4e47fda576f0ddc85b9fd837996f2c 0x17cee59c8cb9c0a1606121f8e3919196
  Coins: TTTHHHTTTHHHTTTTHHTTHHTHTHTTHHTHTTTTHHTTTHTHHTHTTTTHHTTTHHHTTTHTT
  Rolls: 4 4 1 5 3 1 1 3 4 5 4 6 2 5 2 5 3 1 3 3 1 4 6 2 5 4 4 3 3 6 6 3 2
   -->   rolling dice used 33 random numbers
  Cards: As 2s 8h Tc 3c 5h Ac 5c 9d 8d Td Ts 4c 7d 9c Jh 3d Th 8s 5s 2h 6d
	 7h 3h Qd 7c Qh Ks Js Kh 6s 3s Qc Ah 6h 9s Ad Kc 6c Kd 5d Jd 2d Jc
	 2c 4d Qs 9h 7s 8c 4h 4s

Round 2:
 128bit: 0x95a15dc187be75191773ba241e7a792a 0x7f9a9c8dc8ee5d30e41aed7117b0bc10
	 0x859f2aaeb7456bae36bac8d9432af525 0xd83833165d913fb0e0c78e2f3c850a38
	 0xa437ee7e51a835ebe3ad939c1c7ce70d 0x9a515b18be44d777a302fdced8c79e93
  Again: 0x95a15dc187be75191773ba241e7a792a 0x7f9a9c8dc8ee5d30e41aed7117b0bc10
	 0x859f2aaeb7456bae36bac8d9432af525 0xd83833165d913fb0e0c78e2f3c850a38
	 0xa437ee7e51a835ebe3ad939c1c7ce70d 0x9a515b18be44d777a302fdced8c79e93
  Coins: TTTTHTHTHHTHTHTTTTTHHTTHHHHTHTHHHHHHHTHHHTHHTHTTTHHHHTTHHTTTHTHTH
  Rolls: 6 5 3 3 2 3 3 2 5 2 6 6 6 4 2 2 5 5 2 2 4 1 5 3 1 5 5 6 2 4 5 2 1
   -->   rolling dice used 33 random numbers
  Cards: 3s Qd Qc 6s 7c 8d 5s 5c Kc 7h Kd Ad 4d 6c Kh Qh 2c Jc Th Jh 4c Ks
	 Td 8s Jd 2h Ac 9c 7s 8c 3c Ah 9h 3h 7d 8h Js Qs As 4s 6d 5d 9s 9d
	 5h 3d 6h Tc 4h Ts 2d 2s

Round 3:
 128bit: 0x6bfdb8dec74ac18ac96006593aed3b62 0xeef8b9c71cb3b932f04d5afa3f197bf1
	 0x904d15f0ead523cfce6f729cc913a50f 0x34d0abbd7c06a00798b5fc4fbb1e4aea
	 0xa7d1cc41ac8cf8d1802dce1b410fc8c3 0x1622c80e085b475ae3bac0a14f6e5033
  Again: 0x6bfdb8dec74ac18ac96006593aed3b62 0xeef8b9c71cb3b932f04d5afa3f197bf1
	 0x904d15f0ead523cfce6f729cc913a50f 0x34d0abbd7c06a00798b5fc4fbb1e4aea
	 0xa7d1cc41ac8cf8d1802dce1b410fc8c3 0x1622c80e085b475ae3bac0a14f6e5033
  Coins: HTTHTHTTTTTHTTTHHTHTHHTHHHHHHHHHTTTHTHTHTHHTTTTTTHHHHTHTTTTHHHHHH
  Rolls: 1 4 4 1 5 1 2 1 4 5 6 3 3 1 6 5 6 5 4 6 6 5 2 6 6 6 1 4 4 6 5 4 1
   -->   rolling dice used 33 random numbers
  Cards: Jh Th 3s 4d 7c Kd Kc 4h 8h 3c 9d 3h Ac 5h 9s 8d 6d 7h 5s Qs 5d Ah
	 Td 8s Ad 6s 7s 7d Ts 2h 5c As Tc 3d Js 4s 2s Jc 2d Ks 6h 2c 4c 6c
	 Qc Qd 9c Kh 8c Jd Qh 9h

Round 4:
 128bit: 0x776dd6f62f789d2368da679de81de48a 0x325b1acf6c0987ad7ee3c031fa0aa440
	 0x4c2fa58857bd28a36eb1663983530403 0x2da890444508568bfec4d7a9a7aec823
	 0x2d0d7462ff348734bce221c255ee9467 0xf27f193f4fdbda86460a42a962b8a2f9
  Again: 0x776dd6f62f789d2368da679de81de48a 0x325b1acf6c0987ad7ee3c031fa0aa440
	 0x4c2fa58857bd28a36eb1663983530403 0x2da890444508568bfec4d7a9a7aec823
	 0x2d0d7462ff348734bce221c255ee9467 0xf27f193f4fdbda86460a42a962b8a2f9
  Coins: HHHTTTTHHHHHTTTTTTTHHHTHHHHTTHTTTHTTTTHTHHHHTHHTTTHHHTHHTTHHHTHTH
  Rolls: 5 1 4 1 2 6 5 4 1 2 1 3 2 2 5 3 5 1 4 2 2 4 1 1 1 2 4 4 5 3 6 5 6
   -->   rolling dice used 33 random numbers
  Cards: 8h Ks 2s 5h Kh 2c Kc 9d 8c 9c 3s Jd Ts 5d 7c 8s Ah Jc 5s 4h Ad 4s
	 7d Qc 4c Jh 3d 6s Qh 7s 4d Tc 2h Ac 6c Js 3c Qd As 8d 9s 5c 9h 3h
	 6h Th Kd 6d 2d Td 7h Qs

Round 5:
 128bit: 0x2a51386ff58abc4f9e0d084cff42fe2f 0x4f5b3035738c6f7a63cd8347aae338ea
	 0xacdba2191e7281ad112aae00540d3fa1 0xa46125301827966c53968bc829afd6ec
	 0xc11d0f0a93287f5c1b9900eb6c5b6d90 0xd723aefa2d73f7b7e89ed17ea33cb420
  Again: 0x2a51386ff58abc4f9e0d084cff42fe2f 0x4f5b3035738c6f7a63cd8347aae338ea
	 0xacdba2191e7281ad112aae00540d3fa1 0xa46125301827966c53968bc829afd6ec
	 0xc11d0f0a93287f5c1b9900eb6c5b6d90 0xd723aefa2d73f7b7e89ed17ea33cb420
  Coins: HTTTTTHTHTHHHTHTTTHTHHTHHTHTTTHHTTHHHTTTTHTTHHTHHTHHHTTHHTHTHHHHH
  Rolls: 6 4 5 5 1 2 1 3 1 5 4 4 5 4 6 2 2 6 6 4 2 3 4 5 3 1 2 1 5 6 1 3 2
   -->   rolling dice used 33 random numbers
  Cards: 8s 8h Td 8c Js Jd 5s Kd 8d 9s 4d Ah 2d 4h As Th 4s 6s Qc Ad 9h 3h
	 Qh 5d 3s 9c 7c 3c Ts Kc 6c Jh 6d 2h 7d 9d Ac 5c Qs 2c 6h Ks 4c 3d
	 Kh 2s 7s Qd Jc 5h 7h Tc

