pcg64_fast:
      -  result:      64-bit unsigned int
      -  period:      2^126
      -  size:        16 bytes

Round 1:
  64bit: 0x63b4a3a813ce700a 0x382954200617ab24 0xa7fd85ae3fe950ce
	 0xd715286aa2887737 0x60c92fee2e59f32c 0x84c4e96beff30017
  Again: 0x63b4a3a813ce700a 0x382954200617ab24 0xa7fd85ae3fe950ce
	 0xd715286aa2887737 0x60c92fee2e59f32c 0x84c4e96beff30017
  Coins: HTTTTTTTTTTTHHTHHHHHHTTHTHTTHTTTTTHTTHTTHHHHTHHTHHHHHTTTHHHHHHHHH
  Rolls: 4 5 5 4 4 4 5 4 3 1 6 1 6 6 2 6 2 2 3 3 2 5 6 4 2 6 4 4 3 2 4 2 6
   -->   rolling dice used 33 random numbers
  Cards: Jh Jc 2h 4h Kd 2c 4d 5c Kc 8c 7h Td 9s 4s 2s Jd 8s 6h Qd 6d 9c Qh
	 Tc 3h 7c 2d 4c 3s Qc 5s 8d 9d Ah Ac 3c 6s 5h 7s Ks Th 5d Ad Js Kh
	 9h Qs 6c 3d 7d 8h As Ts

Round 2:
  64bit: 0x824eb71d0f02dfb4 0x7aaad63730e335c1 0xf87271e197a74023
	 0x86d11317e615a346 0xe067147998450163 0x59fc13368ae72993
  Again: 0x824eb71d0f02dfb4 0x7aaad63730e335c1 0xf87271e197a74023
	 0x86d11317e615a346 0xe067147998450163 0x59fc13368ae72993
  Coins: TTHHTHTHTTTHTTTHHHTTTHTTHTHHHTTHHTHHTHHTHTTHTTHTHHHTTTTHTHTTTTTHH
  Rolls: 1 5 2 5 1 5 5 3 3 3 5 6 3 5 2 4 1 2 1 4 6 2 5 2 2 4 3 6 5 1 2 5 5
   -->   rolling dice used 33 random numbers
  Cards: Th Qs 2c 4d Jc Jd 4c 2h 4s Tc Kh 6d 3c 7s 5c 6c 6h Kc Qh 6s 2d 4h
	 9s 8c 3s 9c 7c 8d Kd 7d Ac 3h Qc 5s 5h As 8h Ks Ts 8s 9d Qd Js Td
	 Jh 2s Ad 7h 9h Ah 5d 3d

Round 3:
  64bit: 0xaf64b2a730ffd1b9 0xef9f2e946e08fbe3 0x181b81b6a0b5bee2
	 0x219851c742250cf4 0xb459875e221e7df5 0xe7518dd5d411bae8
  Again: 0xaf64b2a730ffd1b9 0xef9f2e946e08fbe3 0x181b81b6a0b5bee2
	 0x219851c742250cf4 0xb459875e221e7df5 0xe7518dd5d411bae8
  Coins: HTHHTHTTTHHTTHHTTTTHTTHHTHTTHHHTTHTTHHHTTTHTTTTHHHHHTTTTTHHTHTTTT
  Rolls: 1 3 6 6 2 1 1 4 2 5 1 3 1 5 1 5 1 6 2 3 1 2 3 4 2 4 5 4 2 2 4 5 2
   -->   rolling dice used 33 random numbers
  Cards: Jc Jh 2s 3s Ac 5s Td Kc 7s Th 7d 5h 3d As Qd 4h 3h Js 4c 5d Tc 4d
	 8s Ah 6h 5c 2c 7c 3c Qs 6s 2h Ks Ts 9c 2d Kd 6c 8h Qh 9s Ad 9d 4s
	 Jd 8c 7h 6d Qc 8d Kh 9h

Round 4:
  64bit: 0xe7e1d1711485e473 0xc0c6d1f0e72a55d3 0x2d0fa33eb3638524
	 0xd0cb8d73a16deacd 0x3e410a9cc7682918 0x8df7d57b4d2f9ac4
  Again: 0xe7e1d1711485e473 0xc0c6d1f0e72a55d3 0x2d0fa33eb3638524
	 0xd0cb8d73a16deacd 0x3e410a9cc7682918 0x8df7d57b4d2f9ac4
  Coins: THHTHTHTHHTHTHHTTHTHHTHHHTTTHTTHHHHTTTTHTTHTTHTTTTHTHHHTHTTHTHTTH
  Rolls: 5 4 3 2 6 2 6 6 2 3 1 3 1 6 2 4 3 6 6 6 4 1 4 6 5 1 3 6 3 5 1 6 1
   -->   rolling dice used 33 random numbers
  Cards: 3d 4h 2d 8d Js Qs 3s 4d 9h Ks Tc Qc Qh 9c 7s 6s 6c Th 6h Ts 9s Jh
	 2s 7c Td Ac Jc 8c 6d 4s 9d As 7d 5h 3h 2h Ad 4c 8s 8h 5s Kh Ah Kc
	 3c Jd 5c 7h Kd Qd 5d 2c

Round 5:
  64bit: 0x2a2d820a8f859ba2 0x1a74e59c8e288526 0x6b856b08000af65c
	 0x793c0d4103ce2a55 0xc5081bea922d1d0c 0x6b61da59d73efbf9
  Again: 0x2a2d820a8f859ba2 0x1a74e59c8e288526 0x6b856b08000af65c
	 0x793c0d4103ce2a55 0xc5081bea922d1d0c 0x6b61da59d73efbf9
  Coins: HTTHTHTTHTTTTTHTHTHHTHTHHHTHHHTTHHTHTTTTTHHHHHTHHHTTTHHTTTTHHHHHH
  Rolls: 4 4 1 3 5 3 1 3 4 3 1 4 2 5 6 2 2 5 6 3 4 2 4 5 6 6 4 2 4 3 1 5 1
   -->   rolling dice used 33 random numbers
  Cards: Ks Ah Ac Ad 3d 9h 7c 3c 7d 3s Th 2d Jh 7h 5h Td 8d 6c Kd 2h Jc 9d
	 8s 2c 8h 4h Qd 6d 5c Js 5s 9c As 4s Jd Kh 2s Tc 8c 5d Qh 3h Qc 6s
	 Kc 7s 4d Ts Qs 6h 4c 9s

