pcg32_k16384:
      -  result:      32-bit unsigned int
      -  period:      2^524352   (* 2^63 streams)
      -  size:        65552 bytes

Round 1:
  32bit: 0xe7cee806 0x5f20781c 0xfe49a493 0x18715647 0x4624a50a 0x7d1c9694
  Again: 0xe7cee806 0x5f20781c 0xfe49a493 0x18715647 0x4624a50a 0x7d1c9694
  Coins: HHTTHTHHTHTTHHTTTTTTTTTTHHHTTTTTTHHHHHHHHHHHTTHTHHHHTTHHHHHHTHTTT
  Rolls: 1 5 5 1 4 1 4 6 1 6 3 1 3 3 4 6 5 4 6 1 6 3 1 2 6 1 2 1 4 2 5 3 1
   -->   rolling dice used 33 random numbers
  Cards: 4h 3c Qd Qh 4d 6d 9d 5s Jd 3d 4c 6c 9h 7h 2d Kc 6s 7d 4s 3s Kh Ah
	 Qc Ac 8s 7c As Tc 3h 5h 8d Ts 2s 9c Td Qs 9s Ad 8h 8c Th Js Kd Jh
	 6h 5c 2c 7s Ks 5d Jc 2h

Round 2:
  32bit: 0x572f5c46 0xcf87184a 0x61374621 0x9ee8ee68 0x04a606ce 0x2ecb1cdf
  Again: 0x572f5c46 0xcf87184a 0x61374621 0x9ee8ee68 0x04a606ce 0x2ecb1cdf
  Coins: THTHTHHTTTHTTHTTTHHHTTHTHHTHTTHHTTHHHHTHTTTHHHTTHHHHHHHHHTTTTHTHH
  Rolls: 6 5 6 1 3 2 4 3 2 2 4 2 1 5 5 2 3 3 4 6 6 2 3 4 1 3 4 6 2 4 5 4 6
   -->   rolling dice used 33 random numbers
  Cards: 5d Th 2d Qs Qd 6s 6d Kh 2c Kd Ad 4s Ah 6c Td Ac 4h 9s 7s Tc 8c Jc
	 Jh 9h 8d 7h 2h Ts 5c Kc Jd 3d 8s 3c 2s Qc 7c 7d Ks 6h 5h 8h 4c Js
	 Qh 4d 3s 9d 9c As 5s 3h

Round 3:
  32bit: 0xc21b1b6b 0xe17a116c 0x21895137 0xc0a7923d 0x389c0b3b 0x4a16d90e
  Again: 0xc21b1b6b 0xe17a116c 0x21895137 0xc0a7923d 0x389c0b3b 0x4a16d90e
  Coins: THTTTHHTTHHTHTTTTHHHTTHHTTHTHTHTTTHHHTHHHHHTHHHHHTHHHHHHHTTTTHTTH
  Rolls: 4 4 2 2 3 2 6 1 3 5 1 3 6 2 6 3 3 4 3 5 4 5 4 4 3 3 2 5 6 6 3 3 2
   -->   rolling dice used 33 random numbers
  Cards: 7s Qd Ah 4c 6d 4d Ac 8d Tc As 2c Jc Qs 6c 3c 9s 5h 4s Kh Kd 2d Jd
	 9d 9c Ks Jh Kc 8c Td 3s 2h Ts 5c 4h 7h 9h Th 7d Js 7c 3h 6s Qc 5s
	 8h 5d 8s 6h Ad 3d Qh 2s

Round 4:
  32bit: 0x72fea21a 0x0a08832b 0x4daa4481 0x15c072de 0x84278d28 0x426515f4
  Again: 0x72fea21a 0x0a08832b 0x4daa4481 0x15c072de 0x84278d28 0x426515f4
  Coins: HHHTTTHHTHHHHHHTTTTHHHHTTTHTTTTTTTTHHHHHHTTHTHHTTTTHTTHHHHHHHTTHH
  Rolls: 4 5 6 3 4 2 2 3 6 6 2 3 2 1 6 5 1 1 6 6 3 4 6 2 2 1 2 6 2 3 3 6 3
   -->   rolling dice used 33 random numbers
  Cards: 2h 6s Tc As 2c Ts 2s 5s 6c 8d 8s 7h 3h Ad 7c 9c Kc 4c 3c 5d 3s Qd
	 Ac 9d Qs Td 5c Th 2d Js 9s 8h 6h Qh Ks 4d Kd Jc 4s Jd Qc 6d 9h 7s
	 7d 8c 5h Kh 3d 4h Ah Jh

Round 5:
  32bit: 0x253cb0a3 0x8c048602 0xe2c21841 0x948f5ed1 0xe460f940 0x606e28a7
  Again: 0x253cb0a3 0x8c048602 0xe2c21841 0x948f5ed1 0xe460f940 0x606e28a7
  Coins: HHTTHHTTTHTHHTTHHHTTHHTHHHHHTHHTHTTTTTHTTHHHTHTHTHTHHTHTTHHHTTTHT
  Rolls: 2 2 4 4 3 1 4 2 2 3 1 4 4 6 4 2 6 4 5 3 4 2 5 5 5 1 1 1 6 6 6 2 1
   -->   rolling dice used 33 random numbers
  Cards: 2h Kh 6h Jc 3d Kd 7h 6s 5h Jh Ks 8d 6d Ad 4c 2s 7c Ah Js 7d 7s 6c
	 Td 3s 8h 5d 4h As 3c Ts Qc 9d 2c Kc Jd 9s 5s 2d 8s 4d 3h Tc Qs 8c
	 9c 4s 5c Qd Qh Th Ac 9h

