1	1	0	30
1	2	0	17
1	3	0	14
1	4	0	14
1	1	14	39
1	2	14	50
1	3	14	41
1	4	14	47
1	1	68	3.13699
1	2	68	6.39726
1	3	68	8.71233
1	4	68	12.0548
