1	1	0	62
1	2	0	138
1	1	3	47
1	2	3	122
1	1	11	234
1	2	11	648
1	1	12	285
1	2	12	1240
1	1	13	122
1	2	13	801
1	1	14	825
1	2	14	1778
1	1	15	200
1	2	15	534
1	1	18	8
1	2	18	0
1	1	19	0
1	2	19	0
1	1	74	0
1	2	74	0
1	1	76	4.78875
1	2	76	0.811641
1	1	78	459.332
1	2	78	1180.97
